// Vitest Snapshot v1, https://vitest.dev/guide/snapshot.html

exports[`Admin canonical route parity > matches the frozen path snapshot 1`] = `
[
  "/",
  "/auth/dang-nhap",
  "/auth/dat-lai-mat-khau",
  "/auth/quen-mat-khau",
  "/ban-tho/nhat-ky",
  "/ban-tho/quy-trinh",
  "/ban-tho/vat-pham",
  "/cong-dong/bai-dang",
  "/cong-dong/bai-dang/$publicId",
  "/cong-dong/so-luu-niem",
  "/cong-dong/so-luu-niem/$publicId",
  "/dashboard",
  "/don-phap-bao/don-dang-ky",
  "/don-phap-bao/mau-don",
  "/don-phap-bao/quy-tac-xu-ly",
  "/he-thong",
  "/he-thong/audit-logs",
  "/he-thong/cai-dat",
  "/he-thong/design-system",
  "/he-thong/feature-flags",
  "/he-thong/health",
  "/he-thong/lich",
  "/he-thong/lich/$eventId",
  "/he-thong/phung-su-vien",
  "/he-thong/phung-su-vien/$publicId",
  "/he-thong/phung-su-vien/tao-moi",
  "/he-thong/thong-bao",
  "/he-thong/thong-tin-lien-he",
  "/he-thong/tim-kiem",
  "/ho-tro/phat-nguyen/nhap-ho",
  "/kiem-duyet/bao-cao",
  "/kiem-duyet/bao-cao/$publicId",
  "/kiem-duyet/binh-luan",
  "/kiem-duyet/binh-luan/$publicId",
  "/nguoi-dung",
  "/nguoi-dung/$publicId",
  "/nguoi-dung/phien",
  "/nguoi-dung/phien/$sessionId",
  "/noi-dung/anh",
  "/noi-dung/bach-thoai",
  "/noi-dung/bach-thoai/$publicId",
  "/noi-dung/bach-thoai/tao-moi",
  "/noi-dung/bai-viet",
  "/noi-dung/bai-viet/$publicId",
  "/noi-dung/bai-viet/tao-moi",
  "/noi-dung/chu-de",
  "/noi-dung/huong-dan",
  "/noi-dung/huong-dan/$publicId",
  "/noi-dung/huong-dan/tao-moi",
  "/noi-dung/kinh-bai-tap",
  "/noi-dung/kinh-bai-tap/$publicId",
  "/noi-dung/kinh-bai-tap/hoi-dap/$publicId",
  "/noi-dung/kinh-bai-tap/hoi-dap/tao-moi",
  "/noi-dung/kinh-bai-tap/kich-ban/$publicId",
  "/noi-dung/kinh-bai-tap/kich-ban/tao-moi",
  "/noi-dung/kinh-bai-tap/tao-moi",
  "/noi-dung/kinh-sach",
  "/noi-dung/kinh-sach/$publicId",
  "/noi-dung/kinh-sach/tao-moi",
  "/noi-dung/kinh-van-tu-tu",
  "/noi-dung/kinh-van-tu-tu/hoi-dap/$faqPublicId",
  "/noi-dung/kinh-van-tu-tu/hoi-dap/tao-moi",
  "/noi-dung/kinh-van-tu-tu/huong-dan/$guidePublicId",
  "/noi-dung/kinh-van-tu-tu/huong-dan/tao-moi",
  "/noi-dung/media",
  "/noi-dung/ngoi-nha-nho",
  "/noi-dung/ngoi-nha-nho/bien-the/$variantPublicId",
  "/noi-dung/ngoi-nha-nho/bien-the/tao-moi",
  "/noi-dung/ngoi-nha-nho/hoi-dap/$faqPublicId",
  "/noi-dung/ngoi-nha-nho/hoi-dap/tao-moi",
  "/noi-dung/ngoi-nha-nho/huong-dan/$guidePublicId",
  "/noi-dung/ngoi-nha-nho/huong-dan/tao-moi",
  "/noi-dung/ngoi-nha-nho/tao-moi",
  "/noi-dung/phong-sanh",
  "/noi-dung/phong-sanh/bien-the/$variantPublicId",
  "/noi-dung/phong-sanh/bien-the/tao-moi",
  "/noi-dung/phong-sanh/hoi-dap/$faqPublicId",
  "/noi-dung/phong-sanh/hoi-dap/tao-moi",
  "/noi-dung/phong-sanh/huong-dan/$guidePublicId",
  "/noi-dung/phong-sanh/huong-dan/tao-moi",
  "/noi-dung/phong-sanh/tao-moi",
  "/noi-dung/tai-lieu",
  "/noi-dung/tai-lieu/$publicId",
  "/noi-dung/tai-lieu/tao-moi",
  "/noi-dung/tep-tai-lieu",
  "/noi-dung/thu-vien-phap-mon",
  "/noi-dung/thu-vien-phap-mon/$publicId",
  "/noi-dung/thu-vien-phap-mon/tao-moi",
  "/noi-dung/tu-tu-tai-gia",
  "/noi-dung/video",
  "/phap-luat/canh-bao-gian-lan",
  "/phap-luat/hang-doi-huong-dan",
  "/phap-luat/loi-nguyen-thanh-tu",
  "/phap-luat/to-chuc-tu-thien",
  "/phap-luat/to-chuc-tu-thien/$charityId",
  "/phap-luat/to-chuc-tu-thien/tao-moi",
  "/phong-sinh/ho-so",
  "/phong-sinh/thong-ke",
  "/so/danh-sach",
  "/so/gian-lan",
  "/su-kien/danh-sach",
  "/su-kien/danh-sach/$publicId",
  "/su-kien/danh-sach/tao-moi",
  "/su-kien/tao-moi",
  "/tri-tue",
]
`;
